This is XeTeX, Version 3.141592653-2.6-0.999995 (TeX Live 2023/Debian) (preloaded format=xelatex 2026.8.2)  2 AUG 2026 01:09
entering extended mode
 restricted \write18 enabled.
 %&-line parsing enabled.
**main.tex
(./main.tex
LaTeX2e <2023-11-01> patch level 1
L3 programming layer <2024-01-22>
(/usr/share/texlive/texmf-dist/tex/latex/amscls/amsart.cls
Document Class: amsart 2020/05/29 v2.20.6
\linespacing=\dimen140
\normalparindent=\dimen141
\normaltopskip=\skip48
(/usr/share/texlive/texmf-dist/tex/latex/amsmath/amsmath.sty
Package: amsmath 2023/05/13 v2.17o AMS math features
\@mathmargin=\skip49

For additional information on amsmath, use the `?' option.
(/usr/share/texlive/texmf-dist/tex/latex/amsmath/amstext.sty
Package: amstext 2021/08/26 v2.01 AMS text

(/usr/share/texlive/texmf-dist/tex/latex/amsmath/amsgen.sty
File: amsgen.sty 1999/11/30 v2.0 generic functions
\@emptytoks=\toks17
\ex@=\dimen142
))
(/usr/share/texlive/texmf-dist/tex/latex/amsmath/amsbsy.sty
Package: amsbsy 1999/11/29 v1.2d Bold Symbols
\pmbraise@=\dimen143
)
(/usr/share/texlive/texmf-dist/tex/latex/amsmath/amsopn.sty
Package: amsopn 2022/04/08 v2.04 operator names
)
\inf@bad=\count183
LaTeX Info: Redefining \frac on input line 234.
\uproot@=\count184
\leftroot@=\count185
LaTeX Info: Redefining \overline on input line 399.
LaTeX Info: Redefining \colon on input line 410.
\classnum@=\count186
\DOTSCASE@=\count187
LaTeX Info: Redefining \ldots on input line 496.
LaTeX Info: Redefining \dots on input line 499.
LaTeX Info: Redefining \cdots on input line 620.
\Mathstrutbox@=\box51
\strutbox@=\box52
LaTeX Info: Redefining \big on input line 722.
LaTeX Info: Redefining \Big on input line 723.
LaTeX Info: Redefining \bigg on input line 724.
LaTeX Info: Redefining \Bigg on input line 725.
\big@size=\dimen144
LaTeX Font Info:    Redeclaring font encoding OML on input line 743.
LaTeX Font Info:    Redeclaring font encoding OMS on input line 744.
\macc@depth=\count188
LaTeX Info: Redefining \bmod on input line 905.
LaTeX Info: Redefining \pmod on input line 910.
LaTeX Info: Redefining \smash on input line 940.
LaTeX Info: Redefining \relbar on input line 970.
LaTeX Info: Redefining \Relbar on input line 971.
\c@MaxMatrixCols=\count189
\dotsspace@=\muskip16
\c@parentequation=\count190
\dspbrk@lvl=\count191
\tag@help=\toks18
\row@=\count192
\column@=\count193
\maxfields@=\count194
\andhelp@=\toks19
\eqnshift@=\dimen145
\alignsep@=\dimen146
\tagshift@=\dimen147
\tagwidth@=\dimen148
\totwidth@=\dimen149
\lineht@=\dimen150
\@envbody=\toks20
\multlinegap=\skip50
\multlinetaggap=\skip51
\mathdisplay@stack=\toks21
LaTeX Info: Redefining \[ on input line 2953.
LaTeX Info: Redefining \] on input line 2954.
)
LaTeX Font Info:    Trying to load font information for U+msa on input line 397
.

(/usr/share/texlive/texmf-dist/tex/latex/amsfonts/umsa.fd
File: umsa.fd 2013/01/14 v3.01 AMS symbols A
)
(/usr/share/texlive/texmf-dist/tex/latex/amsfonts/amsfonts.sty
Package: amsfonts 2013/01/14 v3.01 Basic AMSFonts support
\symAMSa=\mathgroup4
\symAMSb=\mathgroup5
LaTeX Font Info:    Redeclaring math symbol \hbar on input line 98.
LaTeX Font Info:    Overwriting math alphabet `\mathfrak' in version `bold'
(Font)                  U/euf/m/n --> U/euf/b/n on input line 106.
)
\copyins=\insert199
\abstractbox=\box53
\listisep=\skip52
\c@part=\count195
\c@section=\count196
\c@subsection=\count197
\c@subsubsection=\count198
\c@paragraph=\count266
\c@subparagraph=\count267
\c@figure=\count268
\c@table=\count269
\abovecaptionskip=\skip53
\belowcaptionskip=\skip54
\captionindent=\dimen151
\thm@style=\toks22
\thm@bodyfont=\toks23
\thm@headfont=\toks24
\thm@notefont=\toks25
\thm@headpunct=\toks26
\thm@preskip=\skip55
\thm@postskip=\skip56
\thm@headsep=\skip57
\dth@everypar=\toks27
)
(/usr/share/texlive/texmf-dist/tex/latex/amsfonts/amssymb.sty
Package: amssymb 2013/01/14 v3.01 AMS font symbols
)
(/usr/share/texlive/texmf-dist/tex/latex/mathtools/mathtools.sty
Package: mathtools 2022/06/29 v1.29 mathematical typesetting tools

(/usr/share/texlive/texmf-dist/tex/latex/graphics/keyval.sty
Package: keyval 2022/05/29 v1.15 key=value parser (DPC)
\KV@toks@=\toks28
)
(/usr/share/texlive/texmf-dist/tex/latex/tools/calc.sty
Package: calc 2023/07/08 v4.3 Infix arithmetic (KKT,FJ)
\calc@Acount=\count270
\calc@Bcount=\count271
\calc@Adimen=\dimen152
\calc@Bdimen=\dimen153
\calc@Askip=\skip58
\calc@Bskip=\skip59
LaTeX Info: Redefining \setlength on input line 80.
LaTeX Info: Redefining \addtolength on input line 81.
\calc@Ccount=\count272
\calc@Cskip=\skip60
)
(/usr/share/texlive/texmf-dist/tex/latex/mathtools/mhsetup.sty
Package: mhsetup 2021/03/18 v1.4 programming setup (MH)
)
\g_MT_multlinerow_int=\count273
\l_MT_multwidth_dim=\dimen154
\origjot=\skip61
\l_MT_shortvdotswithinadjustabove_dim=\dimen155
\l_MT_shortvdotswithinadjustbelow_dim=\dimen156
\l_MT_above_intertext_sep=\dimen157
\l_MT_below_intertext_sep=\dimen158
\l_MT_above_shortintertext_sep=\dimen159
\l_MT_below_shortintertext_sep=\dimen160
\xmathstrut@box=\box54
\xmathstrut@dim=\dimen161
)
(/usr/share/texlive/texmf-dist/tex/latex/graphics/graphicx.sty
Package: graphicx 2021/09/16 v1.2d Enhanced LaTeX Graphics (DPC,SPQR)

(/usr/share/texlive/texmf-dist/tex/latex/graphics/graphics.sty
Package: graphics 2022/03/10 v1.4e Standard LaTeX Graphics (DPC,SPQR)

(/usr/share/texlive/texmf-dist/tex/latex/graphics/trig.sty
Package: trig 2021/08/11 v1.11 sin cos tan (DPC)
)
(/usr/share/texlive/texmf-dist/tex/latex/graphics-cfg/graphics.cfg
File: graphics.cfg 2016/06/04 v1.11 sample graphics configuration
)
Package graphics Info: Driver file: xetex.def on input line 107.

(/usr/share/texlive/texmf-dist/tex/latex/graphics-def/xetex.def
File: xetex.def 2022/09/22 v5.0n Graphics/color driver for xetex
))
\Gin@req@height=\dimen162
\Gin@req@width=\dimen163
)
(/usr/share/texlive/texmf-dist/tex/latex/booktabs/booktabs.sty
Package: booktabs 2020/01/12 v1.61803398 Publication quality tables
\heavyrulewidth=\dimen164
\lightrulewidth=\dimen165
\cmidrulewidth=\dimen166
\belowrulesep=\dimen167
\belowbottomsep=\dimen168
\aboverulesep=\dimen169
\abovetopsep=\dimen170
\cmidrulesep=\dimen171
\cmidrulekern=\dimen172
\defaultaddspace=\dimen173
\@cmidla=\count274
\@cmidlb=\count275
\@aboverulesep=\dimen174
\@belowrulesep=\dimen175
\@thisruleclass=\count276
\@lastruleclass=\count277
\@thisrulewidth=\dimen176
)
(/usr/share/texlive/texmf-dist/tex/latex/float/float.sty
Package: float 2001/11/08 v1.3d Float enhancements (AL)
\c@float@type=\count278
\float@exts=\toks29
\float@box=\box55
\@float@everytoks=\toks30
\@floatcapt=\box56
)
(/usr/share/texlive/texmf-dist/tex/latex/microtype/microtype.sty
Package: microtype 2023/03/13 v3.1a Micro-typographical refinements (RS)

(/usr/share/texlive/texmf-dist/tex/latex/etoolbox/etoolbox.sty
Package: etoolbox 2020/10/05 v2.5k e-TeX tools for LaTeX (JAW)
\etb@tempcnta=\count279
)
\MT@toks=\toks31
\MT@tempbox=\box57
\MT@count=\count280
LaTeX Info: Redefining \noprotrusionifhmode on input line 1059.
LaTeX Info: Redefining \leftprotrusion on input line 1060.
\MT@prot@toks=\toks32
LaTeX Info: Redefining \rightprotrusion on input line 1078.
LaTeX Info: Redefining \textls on input line 1368.
\MT@outer@kern=\dimen177
LaTeX Info: Redefining \textmicrotypecontext on input line 1988.
\MT@listname@count=\count281

(/usr/share/texlive/texmf-dist/tex/latex/microtype/microtype-xetex.def
File: microtype-xetex.def 2023/03/13 v3.1a Definitions specific to xetex (RS)
LaTeX Info: Redefining \lsstyle on input line 238.
)
Package microtype Info: Loading configuration file microtype.cfg.

(/usr/share/texlive/texmf-dist/tex/latex/microtype/microtype.cfg
File: microtype.cfg 2023/03/13 v3.1a microtype main configuration file (RS)
))
(/usr/share/texlive/texmf-dist/tex/latex/pgf/frontendlayer/tikz.sty
(/usr/share/texlive/texmf-dist/tex/latex/pgf/basiclayer/pgf.sty
(/usr/share/texlive/texmf-dist/tex/latex/pgf/utilities/pgfrcs.sty
(/usr/share/texlive/texmf-dist/tex/generic/pgf/utilities/pgfutil-common.tex
\pgfutil@everybye=\toks33
\pgfutil@tempdima=\dimen178
\pgfutil@tempdimb=\dimen179
)
(/usr/share/texlive/texmf-dist/tex/generic/pgf/utilities/pgfutil-latex.def
\pgfutil@abb=\box58
)
(/usr/share/texlive/texmf-dist/tex/generic/pgf/utilities/pgfrcs.code.tex
(/usr/share/texlive/texmf-dist/tex/generic/pgf/pgf.revision.tex)
Package: pgfrcs 2023-01-15 v3.1.10 (3.1.10)
))
Package: pgf 2023-01-15 v3.1.10 (3.1.10)

(/usr/share/texlive/texmf-dist/tex/latex/pgf/basiclayer/pgfcore.sty
(/usr/share/texlive/texmf-dist/tex/latex/pgf/systemlayer/pgfsys.sty
(/usr/share/texlive/texmf-dist/tex/generic/pgf/systemlayer/pgfsys.code.tex
Package: pgfsys 2023-01-15 v3.1.10 (3.1.10)

(/usr/share/texlive/texmf-dist/tex/generic/pgf/utilities/pgfkeys.code.tex
\pgfkeys@pathtoks=\toks34
\pgfkeys@temptoks=\toks35

(/usr/share/texlive/texmf-dist/tex/generic/pgf/utilities/pgfkeyslibraryfiltered
.code.tex
\pgfkeys@tmptoks=\toks36
))
\pgf@x=\dimen180
\pgf@y=\dimen181
\pgf@xa=\dimen182
\pgf@ya=\dimen183
\pgf@xb=\dimen184
\pgf@yb=\dimen185
\pgf@xc=\dimen186
\pgf@yc=\dimen187
\pgf@xd=\dimen188
\pgf@yd=\dimen189
\w@pgf@writea=\write3
\r@pgf@reada=\read2
\c@pgf@counta=\count282
\c@pgf@countb=\count283
\c@pgf@countc=\count284
\c@pgf@countd=\count285
\t@pgf@toka=\toks37
\t@pgf@tokb=\toks38
\t@pgf@tokc=\toks39
\pgf@sys@id@count=\count286
 (/usr/share/texlive/texmf-dist/tex/generic/pgf/systemlayer/pgf.cfg
File: pgf.cfg 2023-01-15 v3.1.10 (3.1.10)
)
Driver file for pgf: pgfsys-xetex.def
(/usr/share/texlive/texmf-dist/tex/generic/pgf/systemlayer/pgfsys-xetex.def
File: pgfsys-xetex.def 2023-01-15 v3.1.10 (3.1.10)

(/usr/share/texlive/texmf-dist/tex/generic/pgf/systemlayer/pgfsys-dvipdfmx.def
File: pgfsys-dvipdfmx.def 2023-01-15 v3.1.10 (3.1.10)

(/usr/share/texlive/texmf-dist/tex/generic/pgf/systemlayer/pgfsys-common-pdf.de
f
File: pgfsys-common-pdf.def 2023-01-15 v3.1.10 (3.1.10)
)
\pgfsys@objnum=\count287
)))
(/usr/share/texlive/texmf-dist/tex/generic/pgf/systemlayer/pgfsyssoftpath.code.
tex
File: pgfsyssoftpath.code.tex 2023-01-15 v3.1.10 (3.1.10)
\pgfsyssoftpath@smallbuffer@items=\count288
\pgfsyssoftpath@bigbuffer@items=\count289
)
(/usr/share/texlive/texmf-dist/tex/generic/pgf/systemlayer/pgfsysprotocol.code.
tex
File: pgfsysprotocol.code.tex 2023-01-15 v3.1.10 (3.1.10)
)) (/usr/share/texlive/texmf-dist/tex/latex/xcolor/xcolor.sty
Package: xcolor 2023/11/15 v3.01 LaTeX color extensions (UK)

(/usr/share/texlive/texmf-dist/tex/latex/graphics-cfg/color.cfg
File: color.cfg 2016/01/02 v1.6 sample color configuration
)
Package xcolor Info: Driver file: xetex.def on input line 274.

(/usr/share/texlive/texmf-dist/tex/latex/graphics/mathcolor.ltx)
Package xcolor Info: Model `cmy' substituted by `cmy0' on input line 1350.
Package xcolor Info: Model `RGB' extended on input line 1366.
Package xcolor Info: Model `HTML' substituted by `rgb' on input line 1368.
Package xcolor Info: Model `Hsb' substituted by `hsb' on input line 1369.
Package xcolor Info: Model `tHsb' substituted by `hsb' on input line 1370.
Package xcolor Info: Model `HSB' substituted by `hsb' on input line 1371.
Package xcolor Info: Model `Gray' substituted by `gray' on input line 1372.
Package xcolor Info: Model `wave' substituted by `hsb' on input line 1373.
)
(/usr/share/texlive/texmf-dist/tex/generic/pgf/basiclayer/pgfcore.code.tex
Package: pgfcore 2023-01-15 v3.1.10 (3.1.10)

(/usr/share/texlive/texmf-dist/tex/generic/pgf/math/pgfmath.code.tex
(/usr/share/texlive/texmf-dist/tex/generic/pgf/math/pgfmathutil.code.tex)
(/usr/share/texlive/texmf-dist/tex/generic/pgf/math/pgfmathparser.code.tex
\pgfmath@dimen=\dimen190
\pgfmath@count=\count290
\pgfmath@box=\box59
\pgfmath@toks=\toks40
\pgfmath@stack@operand=\toks41
\pgfmath@stack@operation=\toks42
)
(/usr/share/texlive/texmf-dist/tex/generic/pgf/math/pgfmathfunctions.code.tex)
(/usr/share/texlive/texmf-dist/tex/generic/pgf/math/pgfmathfunctions.basic.code
.tex)
(/usr/share/texlive/texmf-dist/tex/generic/pgf/math/pgfmathfunctions.trigonomet
ric.code.tex)
(/usr/share/texlive/texmf-dist/tex/generic/pgf/math/pgfmathfunctions.random.cod
e.tex)
(/usr/share/texlive/texmf-dist/tex/generic/pgf/math/pgfmathfunctions.comparison
.code.tex)
(/usr/share/texlive/texmf-dist/tex/generic/pgf/math/pgfmathfunctions.base.code.
tex)
(/usr/share/texlive/texmf-dist/tex/generic/pgf/math/pgfmathfunctions.round.code
.tex)
(/usr/share/texlive/texmf-dist/tex/generic/pgf/math/pgfmathfunctions.misc.code.
tex)
(/usr/share/texlive/texmf-dist/tex/generic/pgf/math/pgfmathfunctions.integerari
thmetics.code.tex)
(/usr/share/texlive/texmf-dist/tex/generic/pgf/math/pgfmathcalc.code.tex)
(/usr/share/texlive/texmf-dist/tex/generic/pgf/math/pgfmathfloat.code.tex
\c@pgfmathroundto@lastzeros=\count291
))
(/usr/share/texlive/texmf-dist/tex/generic/pgf/math/pgfint.code.tex)
(/usr/share/texlive/texmf-dist/tex/generic/pgf/basiclayer/pgfcorepoints.code.te
x
File: pgfcorepoints.code.tex 2023-01-15 v3.1.10 (3.1.10)
\pgf@picminx=\dimen191
\pgf@picmaxx=\dimen192
\pgf@picminy=\dimen193
\pgf@picmaxy=\dimen194
\pgf@pathminx=\dimen195
\pgf@pathmaxx=\dimen196
\pgf@pathminy=\dimen197
\pgf@pathmaxy=\dimen198
\pgf@xx=\dimen256
\pgf@xy=\dimen257
\pgf@yx=\dimen258
\pgf@yy=\dimen259
\pgf@zx=\dimen260
\pgf@zy=\dimen261
)
(/usr/share/texlive/texmf-dist/tex/generic/pgf/basiclayer/pgfcorepathconstruct.
code.tex
File: pgfcorepathconstruct.code.tex 2023-01-15 v3.1.10 (3.1.10)
\pgf@path@lastx=\dimen262
\pgf@path@lasty=\dimen263
)
(/usr/share/texlive/texmf-dist/tex/generic/pgf/basiclayer/pgfcorepathusage.code
.tex
File: pgfcorepathusage.code.tex 2023-01-15 v3.1.10 (3.1.10)
\pgf@shorten@end@additional=\dimen264
\pgf@shorten@start@additional=\dimen265
)
(/usr/share/texlive/texmf-dist/tex/generic/pgf/basiclayer/pgfcorescopes.code.te
x
File: pgfcorescopes.code.tex 2023-01-15 v3.1.10 (3.1.10)
\pgfpic=\box60
\pgf@hbox=\box61
\pgf@layerbox@main=\box62
\pgf@picture@serial@count=\count292
)
(/usr/share/texlive/texmf-dist/tex/generic/pgf/basiclayer/pgfcoregraphicstate.c
ode.tex
File: pgfcoregraphicstate.code.tex 2023-01-15 v3.1.10 (3.1.10)
\pgflinewidth=\dimen266
)
(/usr/share/texlive/texmf-dist/tex/generic/pgf/basiclayer/pgfcoretransformation
s.code.tex
File: pgfcoretransformations.code.tex 2023-01-15 v3.1.10 (3.1.10)
\pgf@pt@x=\dimen267
\pgf@pt@y=\dimen268
\pgf@pt@temp=\dimen269
)
(/usr/share/texlive/texmf-dist/tex/generic/pgf/basiclayer/pgfcorequick.code.tex
File: pgfcorequick.code.tex 2023-01-15 v3.1.10 (3.1.10)
)
(/usr/share/texlive/texmf-dist/tex/generic/pgf/basiclayer/pgfcoreobjects.code.t
ex
File: pgfcoreobjects.code.tex 2023-01-15 v3.1.10 (3.1.10)
)
(/usr/share/texlive/texmf-dist/tex/generic/pgf/basiclayer/pgfcorepathprocessing
.code.tex
File: pgfcorepathprocessing.code.tex 2023-01-15 v3.1.10 (3.1.10)
)
(/usr/share/texlive/texmf-dist/tex/generic/pgf/basiclayer/pgfcorearrows.code.te
x
File: pgfcorearrows.code.tex 2023-01-15 v3.1.10 (3.1.10)
\pgfarrowsep=\dimen270
)
(/usr/share/texlive/texmf-dist/tex/generic/pgf/basiclayer/pgfcoreshade.code.tex
File: pgfcoreshade.code.tex 2023-01-15 v3.1.10 (3.1.10)
\pgf@max=\dimen271
\pgf@sys@shading@range@num=\count293
\pgf@shadingcount=\count294
)
(/usr/share/texlive/texmf-dist/tex/generic/pgf/basiclayer/pgfcoreimage.code.tex
File: pgfcoreimage.code.tex 2023-01-15 v3.1.10 (3.1.10)
)
(/usr/share/texlive/texmf-dist/tex/generic/pgf/basiclayer/pgfcoreexternal.code.
tex
File: pgfcoreexternal.code.tex 2023-01-15 v3.1.10 (3.1.10)
\pgfexternal@startupbox=\box63
)
(/usr/share/texlive/texmf-dist/tex/generic/pgf/basiclayer/pgfcorelayers.code.te
x
File: pgfcorelayers.code.tex 2023-01-15 v3.1.10 (3.1.10)
)
(/usr/share/texlive/texmf-dist/tex/generic/pgf/basiclayer/pgfcoretransparency.c
ode.tex
File: pgfcoretransparency.code.tex 2023-01-15 v3.1.10 (3.1.10)
)
(/usr/share/texlive/texmf-dist/tex/generic/pgf/basiclayer/pgfcorepatterns.code.
tex
File: pgfcorepatterns.code.tex 2023-01-15 v3.1.10 (3.1.10)
)
(/usr/share/texlive/texmf-dist/tex/generic/pgf/basiclayer/pgfcorerdf.code.tex
File: pgfcorerdf.code.tex 2023-01-15 v3.1.10 (3.1.10)
)))
(/usr/share/texlive/texmf-dist/tex/generic/pgf/modules/pgfmoduleshapes.code.tex
File: pgfmoduleshapes.code.tex 2023-01-15 v3.1.10 (3.1.10)
\pgfnodeparttextbox=\box64
) (/usr/share/texlive/texmf-dist/tex/generic/pgf/modules/pgfmoduleplot.code.tex
File: pgfmoduleplot.code.tex 2023-01-15 v3.1.10 (3.1.10)
)
(/usr/share/texlive/texmf-dist/tex/latex/pgf/compatibility/pgfcomp-version-0-65
.sty
Package: pgfcomp-version-0-65 2023-01-15 v3.1.10 (3.1.10)
\pgf@nodesepstart=\dimen272
\pgf@nodesepend=\dimen273
)
(/usr/share/texlive/texmf-dist/tex/latex/pgf/compatibility/pgfcomp-version-1-18
.sty
Package: pgfcomp-version-1-18 2023-01-15 v3.1.10 (3.1.10)
)) (/usr/share/texlive/texmf-dist/tex/latex/pgf/utilities/pgffor.sty
(/usr/share/texlive/texmf-dist/tex/latex/pgf/utilities/pgfkeys.sty
(/usr/share/texlive/texmf-dist/tex/generic/pgf/utilities/pgfkeys.code.tex))
(/usr/share/texlive/texmf-dist/tex/latex/pgf/math/pgfmath.sty
(/usr/share/texlive/texmf-dist/tex/generic/pgf/math/pgfmath.code.tex))
(/usr/share/texlive/texmf-dist/tex/generic/pgf/utilities/pgffor.code.tex
Package: pgffor 2023-01-15 v3.1.10 (3.1.10)
\pgffor@iter=\dimen274
\pgffor@skip=\dimen275
\pgffor@stack=\toks43
\pgffor@toks=\toks44
))
(/usr/share/texlive/texmf-dist/tex/generic/pgf/frontendlayer/tikz/tikz.code.tex
Package: tikz 2023-01-15 v3.1.10 (3.1.10)

(/usr/share/texlive/texmf-dist/tex/generic/pgf/libraries/pgflibraryplothandlers
.code.tex
File: pgflibraryplothandlers.code.tex 2023-01-15 v3.1.10 (3.1.10)
\pgf@plot@mark@count=\count295
\pgfplotmarksize=\dimen276
)
\tikz@lastx=\dimen277
\tikz@lasty=\dimen278
\tikz@lastxsaved=\dimen279
\tikz@lastysaved=\dimen280
\tikz@lastmovetox=\dimen281
\tikz@lastmovetoy=\dimen282
\tikzleveldistance=\dimen283
\tikzsiblingdistance=\dimen284
\tikz@figbox=\box65
\tikz@figbox@bg=\box66
\tikz@tempbox=\box67
\tikz@tempbox@bg=\box68
\tikztreelevel=\count296
\tikznumberofchildren=\count297
\tikznumberofcurrentchild=\count298
\tikz@fig@count=\count299

(/usr/share/texlive/texmf-dist/tex/generic/pgf/modules/pgfmodulematrix.code.tex
File: pgfmodulematrix.code.tex 2023-01-15 v3.1.10 (3.1.10)
\pgfmatrixcurrentrow=\count300
\pgfmatrixcurrentcolumn=\count301
\pgf@matrix@numberofcolumns=\count302
)
\tikz@expandcount=\count303

(/usr/share/texlive/texmf-dist/tex/generic/pgf/frontendlayer/tikz/libraries/tik
zlibrarytopaths.code.tex
File: tikzlibrarytopaths.code.tex 2023-01-15 v3.1.10 (3.1.10)
)))
(/usr/share/texlive/texmf-dist/tex/generic/pgf/libraries/pgflibraryarrows.meta.
code.tex
File: pgflibraryarrows.meta.code.tex 2023-01-15 v3.1.10 (3.1.10)
\pgfarrowinset=\dimen285
\pgfarrowlength=\dimen286
\pgfarrowwidth=\dimen287
\pgfarrowlinewidth=\dimen288
)
(/usr/share/texlive/texmf-dist/tex/generic/pgf/frontendlayer/tikz/libraries/tik
zlibrarycalc.code.tex
File: tikzlibrarycalc.code.tex 2023-01-15 v3.1.10 (3.1.10)
)
(/usr/share/texlive/texmf-dist/tex/generic/pgf/frontendlayer/tikz/libraries/tik
zlibrarypositioning.code.tex
File: tikzlibrarypositioning.code.tex 2023-01-15 v3.1.10 (3.1.10)
) (./figures/tikz_setup.tex)
\c@theorem=\count304

(/usr/share/texlive/texmf-dist/tex/latex/l3backend/l3backend-xetex.def
File: l3backend-xetex.def 2024-01-04 L3 backend support: XeTeX
\g__graphics_track_int=\count305
\l__pdf_internal_box=\box69
\g__pdf_backend_object_int=\count306
\g__pdf_backend_annotation_int=\count307
\g__pdf_backend_link_int=\count308
)
(./main.aux)
\openout1 = `main.aux'.

LaTeX Font Info:    Checking defaults for OML/cmm/m/it on input line 34.
LaTeX Font Info:    ... okay on input line 34.
LaTeX Font Info:    Checking defaults for OMS/cmsy/m/n on input line 34.
LaTeX Font Info:    ... okay on input line 34.
LaTeX Font Info:    Checking defaults for OT1/cmr/m/n on input line 34.
LaTeX Font Info:    ... okay on input line 34.
LaTeX Font Info:    Checking defaults for T1/cmr/m/n on input line 34.
LaTeX Font Info:    ... okay on input line 34.
LaTeX Font Info:    Checking defaults for TS1/cmr/m/n on input line 34.
LaTeX Font Info:    Trying to load font information for TS1+cmr on input line 3
4.
 (/usr/share/texlive/texmf-dist/tex/latex/base/ts1cmr.fd
File: ts1cmr.fd 2023/04/13 v2.5m Standard LaTeX font definitions
)
LaTeX Font Info:    ... okay on input line 34.
LaTeX Font Info:    Checking defaults for TU/lmr/m/n on input line 34.
LaTeX Font Info:    ... okay on input line 34.
LaTeX Font Info:    Checking defaults for OMX/cmex/m/n on input line 34.
LaTeX Font Info:    ... okay on input line 34.
LaTeX Font Info:    Checking defaults for U/cmr/m/n on input line 34.
LaTeX Font Info:    ... okay on input line 34.
LaTeX Font Info:    Trying to load font information for U+msa on input line 34.


(/usr/share/texlive/texmf-dist/tex/latex/amsfonts/umsa.fd
File: umsa.fd 2013/01/14 v3.01 AMS symbols A
)
LaTeX Font Info:    Trying to load font information for U+msb on input line 34.


(/usr/share/texlive/texmf-dist/tex/latex/amsfonts/umsb.fd
File: umsb.fd 2013/01/14 v3.01 AMS symbols B
)
LaTeX Info: Redefining \microtypecontext on input line 34.
Package microtype Info: Applying patch `item' on input line 34.
Package microtype Info: Applying patch `toc' on input line 34.
Package microtype Info: Applying patch `eqnum' on input line 34.
Package microtype Info: Applying patch `footnote' on input line 34.
Package microtype Info: Applying patch `verbatim' on input line 34.
Package microtype Info: Character protrusion enabled (level 2).
Package microtype Info: Using default protrusion set `alltext'.
Package microtype Info: No adjustment of tracking.
Package microtype Info: No adjustment of spacing.
Package microtype Info: No adjustment of kerning.

(/usr/share/texlive/texmf-dist/tex/latex/microtype/mt-LatinModernRoman.cfg
File: mt-LatinModernRoman.cfg 2021/02/21 v1.1 microtype config. file: Latin Mod
ern Roman (RS)
)
No file main.toc.
\tf@toc=\write4
\openout4 = `main.toc'.

(./01_introduction.tex
(/usr/share/texlive/texmf-dist/tex/latex/microtype/mt-cmr.cfg
File: mt-cmr.cfg 2013/05/19 v2.2 microtype config. file: Computer Modern Roman 
(RS)
)
(/usr/share/texlive/texmf-dist/tex/latex/microtype/mt-msa.cfg
File: mt-msa.cfg 2006/02/04 v1.1 microtype config. file: AMS symbols (a) (RS)
)
(/usr/share/texlive/texmf-dist/tex/latex/microtype/mt-msb.cfg
File: mt-msb.cfg 2005/06/01 v1.0 microtype config. file: AMS symbols (b) (RS)
) [1]

LaTeX Warning: Reference `prop:open-closed-scaled' on page 2 undefined on input
 line 37.

(./figures/geometry_roles.tex) [2]

LaTeX Warning: Reference `tab:routing' on page 3 undefined on input line 105.


LaTeX Warning: Reference `prop:body-structural-reduction' on page 3 undefined o
n input line 107.


LaTeX Warning: Reference `sec:structural-reductions' on page 3 undefined on inp
ut line 108.


Underfull \hbox (badness 10000) in paragraph at lines 116--116
[]\TU/lmr/m/n/7 center and V-triangle
 []


LaTeX Warning: Reference `sec:strategy1-summary' on page 3 undefined on input l
ine 158.


LaTeX Warning: Reference `sec:strategy4-reader' on page 3 undefined on input li
ne 158.


LaTeX Warning: Reference `sec:assembly' on page 3 undefined on input line 159.

) (./02_reader_framework.tex

LaTeX Warning: Reference `sec:introduction' on page 3 undefined on input line 1
4.


LaTeX Warning: Reference `tab:routing' on page 3 undefined on input line 17.

[3]

LaTeX Warning: Reference `lem:distinct-roles' on page 4 undefined on input line
 28.


LaTeX Warning: Reference `prop:ce-classification' on page 4 undefined on input 
line 29.


LaTeX Warning: Reference `prop:vertex-classification' on page 4 undefined on in
put line 30.


LaTeX Warning: Reference `prop:unique-center-midpoint' on page 4 undefined on i
nput line 31.


LaTeX Warning: Reference `lem:short-role-count' on page 4 undefined on input li
ne 32.


LaTeX Warning: Reference `prop:strict-handoffs' on page 4 undefined on input li
ne 33.


LaTeX Warning: Reference `prop:exhaustive-structural-reduction' on page 4 undef
ined on input line 34.


LaTeX Warning: Reference `sec:structural-reductions' on page 4 undefined on inp
ut line 35.

[4]
LaTeX Font Info:    Trying to load font information for U+euf on input line 112
.
 (/usr/share/texlive/texmf-dist/tex/latex/amsfonts/ueuf.fd
File: ueuf.fd 2013/01/14 v3.01 Euler Fraktur
)
(/usr/share/texlive/texmf-dist/tex/latex/microtype/mt-euf.cfg
File: mt-euf.cfg 2006/07/03 v1.1 microtype config. file: AMS Euler Fraktur (RS)

)
(./figures/strategy2_local_demand_skeleton.tex)
(./figures/strategy2_unit_triangle_family_skeleton.tex) [5]
Package microtype Info: Loading generic protrusion settings for font family
(microtype)             `cmss' (encoding: OT1).
(microtype)             For optimal results, create family-specific settings.
(microtype)             See the microtype manual for details.


LaTeX Warning: Reference `prop:universal-enclosure-gauge' on page 6 undefined o
n input line 173.


LaTeX Warning: Reference `sec:admissible-set-derivation' on page 6 undefined on
 input line 198.


LaTeX Warning: Reference `prop:universal-enclosure-gauge' on page 6 undefined o
n input line 205.


LaTeX Warning: Reference `sec:admissible-set-derivation' on page 6 undefined on
 input line 208.

(./figures/strategy2_enclosure_gauge_skeleton.tex)

LaTeX Warning: Reference `sec:admissible-set-derivation' on page 6 undefined on
 input line 217.

[6] (./figures/transfer_V_triangle_coordinates.tex) [7]
(./figures/center_interval_residual.tex) [8]

LaTeX Warning: Reference `fig:transfer-vtriangle-skeleton' on page 9 undefined 
on input line 350.


LaTeX Warning: Reference `fig:relaxed-composition-skeleton' on page 9 undefined
 on input line 350.


LaTeX Warning: Reference `lem:reader-raw-capped-transfer' on page 9 undefined o
n input line 403.


LaTeX Warning: Reference `lem:reader-generalized-handoff' on page 9 undefined o
n input line 404.


LaTeX Warning: Reference `eq:reader-free-outgoing-envelope' on page 9 undefined
 on input line 405.


LaTeX Warning: Reference `eq:reader-free-raw-envelope' on page 9 undefined on i
nput line 406.


LaTeX Warning: Reference `lem:reader-relaxed-composition' on page 9 undefined o
n input line 407.


LaTeX Warning: Reference `sec:signed-ce12-reductions' on page 9 undefined on in
put line 427.

[9]

LaTeX Warning: Reference `sec:signed-ce12-reductions' on page 10 undefined on i
nput line 436.


LaTeX Warning: Reference `def:body-signed-center-data' on page 10 undefined on 
input line 447.


LaTeX Warning: Reference `sec:signed-ce12-reductions' on page 10 undefined on i
nput line 476.


LaTeX Warning: Reference `prop:signed-center-normal-form' on page 10 undefined 
on input line 480.


LaTeX Warning: Reference `cor:signed-center-boundary' on page 10 undefined on i
nput line 481.


LaTeX Warning: Reference `sec:signed-ce12-reductions' on page 10 undefined on i
nput line 482.

(./02c_strategy2_skeleton_atlas.tex

LaTeX Warning: Reference `def:body-center-assisted-transfer' on page 10 undefin
ed on input line 5.


LaTeX Warning: Reference `sec:admissible-set-derivation' on page 10 undefined o
n input line 10.


LaTeX Warning: Reference `sec:signed-ce12-reductions' on page 10 undefined on i
nput line 11.

(./figures/supercritical_envelope.tex) [10]
(./figures/strategy2_transfer_domains_skeleton.tex)
(./figures/relaxed_composition.tex) (./figures/signed_center_traces.tex)

LaTeX Warning: Reference `sec:signed-ce12-reductions' on page 11 undefined on i
nput line 43.

)) (./03_strategy1_reader.tex [11] (./figures/strategy1_trace_targets.tex)
[12]

LaTeX Warning: Reference `lem:center-skeleton-cap' on page 13 undefined on inpu
t line 55.


LaTeX Warning: Reference `lem:supercritical-skeleton-cap' on page 13 undefined 
on input line 56.


LaTeX Warning: Reference `lem:positive-support-skeleton-cap' on page 13 undefin
ed on input line 57.


LaTeX Warning: Reference `lem:no-support-skeleton-cap' on page 13 undefined on 
input line 58.


LaTeX Warning: Reference `sec:length' on page 13 undefined on input line 59.


LaTeX Warning: Reference `prop:body-trace-register' on page 13 undefined on inp
ut line 63.


LaTeX Warning: Reference `prop:length-branches' on page 13 undefined on input l
ine 109.


LaTeX Warning: Reference `cor:signed-budget-branches' on page 13 undefined on i
nput line 110.

[13]) (./04_strategy2_summary.tex

LaTeX Warning: Reference `prop:body-transfer-interface' on page 14 undefined on
 input line 5.


LaTeX Warning: Reference `def:body-signed-center-data' on page 14 undefined on 
input line 11.


LaTeX Warning: Reference `sec:signed-ce12-reductions' on page 14 undefined on i
nput line 12.

(./figures/relaxed_composition.tex)
Underfull \hbox (badness 2478) in paragraph at lines 44--44
\TU/lmr/m/sc/10 Figure 12.\TU/lmr/m/n/10 Exact and lower-relaxed states on cons
ecutive
 []


LaTeX Warning: Reference `sec:signed-ce12-reductions' on page 14 undefined on i
nput line 51.

(./figures/strategy2_signed_domains_skeleton.tex) [14]
(./figures/strategy2_center_free_path_skeleton.tex) [15]
(./figures/strategy2_gap_rank_skeleton.tex) [16]

LaTeX Warning: Reference `def:body-gap-endpoint-data' on page 17 undefined on i
nput line 238.


LaTeX Warning: Reference `def:body-center-free-path' on page 17 undefined on in
put line 245.


LaTeX Warning: Reference `def:body-gap-endpoint-data' on page 17 undefined on i
nput line 254.


LaTeX Warning: Reference `def:body-center-free-path' on page 17 undefined on in
put line 261.


LaTeX Warning: Reference `sec:exact-local-demand-calculus' on page 17 undefined
 on input line 268.


LaTeX Warning: Reference `lem:reader-boundary-path' on page 17 undefined on inp
ut line 269.

(./figures/strategy2_endpoint_data_skeleton.tex) [17]
(./figures/strategy2_decorated_domain_skeleton.tex)
(./figures/strategy2_decorated_maps_skeleton.tex) [18]

LaTeX Warning: Reference `sec:signed-ce12-reductions' on page 19 undefined on i
nput line 364.

(./figures/strategy2_affine_domain_skeleton.tex) [19]

LaTeX Warning: Reference `def:body-five-V-triangle-data' on page 20 undefined o
n input line 450.


LaTeX Warning: Reference `def:body-ce1-affine-domain' on page 20 undefined on i
nput line 466.


LaTeX Warning: Reference `prop:signed-one-gap-interface' on page 20 undefined o
n input line 491.


LaTeX Warning: Reference `prop:reader-ce1-one-gap' on page 20 undefined on inpu
t line 492.


LaTeX Warning: Reference `prop:signed-ce2-one-gap' on page 20 undefined on inpu
t line 493.

(./figures/strategy2_five_row_chain_skeleton.tex) [20]
(./figures/strategy2_relaxation_slots_skeleton.tex) [21]

LaTeX Warning: Reference `lem:407-four-label-loss' on page 22 undefined on inpu
t line 639.

(./figures/strategy2_t3_state_domain_skeleton.tex) [22]

LaTeX Warning: Reference `def:body-center-free-path' on page 23 undefined on in
put line 668.


LaTeX Warning: Reference `thm:paper-complete-t3-endpoint' on page 23 undefined 
on input line 673.

(./figures/strategy2_t3_residual_skeleton.tex)
(./figures/strategy2_rescuer_domain_skeleton.tex) [23]
(./figures/strategy2_vd_state_domain_skeleton.tex) [24]

LaTeX Warning: Reference `prop:paper-vd1-pair-replacement' on page 25 undefined
 on input line 853.


LaTeX Warning: Reference `def:body-adjacent-rescuer-data' on page 25 undefined 
on input line 862.


LaTeX Warning: Reference `lem:reader-boundary-path' on page 25 undefined on inp
ut line 873.


LaTeX Warning: Reference `def:body-vd-residual-data' on page 25 undefined on in
put line 876.

[25]

LaTeX Warning: Reference `def:body-vd-residual-data' on page 26 undefined on in
put line 893.


LaTeX Warning: Reference `def:body-vd-replacement-data' on page 26 undefined on
 input line 908.


LaTeX Warning: Reference `cor:signed-adjacent-rescuers' on page 26 undefined on
 input line 913.


LaTeX Warning: Reference `lem:signed-vd-adjacent-placement' on page 26 undefine
d on input line 914.


LaTeX Warning: Reference `lem:signed-vd-nonadjacent-placement' on page 26 undef
ined on input line 915.


LaTeX Warning: Reference `prop:paper-vd1-pair-replacement' on page 26 undefined
 on input line 916.

(./figures/strategy2_rescuer_skeleton.tex)
(./figures/strategy2_vd_placements_skeleton.tex)
(./figures/strategy2_vd_replacement_skeleton.tex) [26]

LaTeX Warning: Reference `def:body-six-slot-chain' on page 27 undefined on inpu
t line 1047.

[27]

LaTeX Warning: Reference `prop:body-all-vd0-endpoints' on page 28 undefined on 
input line 1080.


LaTeX Warning: Reference `prop:body-five-V-triangle-certificate' on page 28 und
efined on input line 1081.


LaTeX Warning: Reference `prop:body-t3-endpoint' on page 28 undefined on input 
line 1081.


LaTeX Warning: Reference `prop:body-special-terminal-certificates' on page 28 u
ndefined on input line 1082.


LaTeX Warning: Reference `prop:paper-ce2-one-vd-placements' on page 28 undefine
d on input line 1083.

) (./05_strategy3_reader.tex
File: figures/strategy3_local_area_loss.png Graphic file (type bmp)
<figures/strategy3_local_area_loss.png>
File: figures/strategy3_global_area_loss.png Graphic file (type bmp)
<figures/strategy3_global_area_loss.png>


LaTeX Warning: Reference `prop:body-area-register' on page 28 undefined on inpu
t line 24.

[28]

LaTeX Warning: Reference `thm:local-square-loss' on page 29 undefined on input 
line 46.


LaTeX Warning: Reference `thm:t3-direct-loss' on page 29 undefined on input lin
e 47.


LaTeX Warning: Reference `sec:area' on page 29 undefined on input line 47.

[29]

LaTeX Warning: Reference `prop:body-structural-reduction' on page 30 undefined 
on input line 95.


LaTeX Warning: Reference `prop:area-branches' on page 30 undefined on input lin
e 97.


LaTeX Warning: Reference `sec:area' on page 30 undefined on input line 98.

) (./06_strategy4_reader.tex

LaTeX Warning: Reference `sec:ab-core' on page 30 undefined on input line 6.


LaTeX Warning: Reference `sec:strategy4-exact-certificate' on page 30 undefined
 on input line 8.


LaTeX Warning: Reference `lem:ab-extreme-jump' on page 30 undefined on input li
ne 13.


LaTeX Warning: Reference `lem:symmetric-core-witness' on page 30 undefined on i
nput line 52.

[30]

LaTeX Warning: Reference `lem:fixed-line-signs' on page 31 undefined on input l
ine 63.


LaTeX Warning: Reference `lem:asymmetric-core-witness' on page 31 undefined on 
input line 66.

File: figures/strategy4_core_case_example.png Graphic file (type bmp)
<figures/strategy4_core_case_example.png>

LaTeX Warning: Reference `lem:technical-newton-reduction' on page 31 undefined 
on input line 92.

[31]

LaTeX Warning: Reference `prop:universal-enclosure-gauge' on page 32 undefined 
on input line 113.


LaTeX Warning: Reference `prop:universal-enclosure-gauge' on page 32 undefined 
on input line 162.


LaTeX Warning: Reference `eq:reader-ab-domain' on page 32 undefined on input li
ne 175.


LaTeX Warning: Reference `lem:reader-cap-chain' on page 32 undefined on input l
ine 181.


LaTeX Warning: Reference `prop:technical-four-overlaps' on page 32 undefined on
 input line 186.


LaTeX Warning: Reference `thm:paper-exact-mixed-certificate' on page 32 undefin
ed on input line 187.

[32]

LaTeX Warning: Reference `eq:reader-ab-domain' on page 33 undefined on input li
ne 198.


LaTeX Warning: Reference `eq:reader-newton-reduction' on page 33 undefined on i
nput line 210.


LaTeX Warning: Reference `prop:reader-four-overlaps' on page 33 undefined on in
put line 211.


LaTeX Warning: Reference `lem:reader-cap-chain' on page 33 undefined on input l
ine 212.


LaTeX Warning: Reference `thm:reader-witness-enclosure' on page 33 undefined on
 input line 231.


LaTeX Warning: Reference `thm:reader-zero-gap-obstruction' on page 33 undefined
 on input line 240.


LaTeX Warning: Reference `thm:reader-zero-gap-obstruction' on page 33 undefined
 on input line 254.

) (./07_exhaustive_assembly.tex

LaTeX Warning: Reference `thm:main' on page 33 undefined on input line 4.


LaTeX Warning: Reference `prop:body-structural-reduction' on page 33 undefined 
on input line 6.


LaTeX Warning: Reference `tab:routing' on page 33 undefined on input line 7.


LaTeX Warning: Reference `prop:body-length-branches' on page 33 undefined on in
put line 11.


LaTeX Warning: Reference `prop:body-area-branches' on page 33 undefined on inpu
t line 12.


LaTeX Warning: Reference `prop:body-demand-branches' on page 33 undefined on in
put line 13.


LaTeX Warning: Reference `tab:body-strategy2-chains' on page 33 undefined on in
put line 15.


LaTeX Warning: Reference `prop:paper-ce2-one-vd-placements' on page 33 undefine
d on input line 17.


LaTeX Warning: Reference `prop:reader-ab-core-branches' on page 33 undefined on
 input line 19.


LaTeX Warning: Reference `thm:paper-exact-mixed-certificate' on page 33 undefin
ed on input line 20.


LaTeX Warning: Reference `tab:routing' on page 33 undefined on input line 25.


LaTeX Warning: Reference `cor:expanded-closed' on page 33 undefined on input li
ne 29.


LaTeX Warning: Reference `prop:open-closed-scaled' on page 33 undefined on inpu
t line 30.

) [33] [34] (./appendix_roadmap.tex
Underfull \hbox (badness 10000) in paragraph at lines 23--23
[]\TU/lmr/m/n/9 one- and two-variable
 []


Underfull \hbox (badness 10000) in paragraph at lines 24--24
[]\TU/lmr/m/n/9 monotone maps and
 []


Underfull \hbox (badness 10000) in paragraph at lines 24--26
[]\TU/lmr/m/n/9 actual-V triangle transfers,
 []


Underfull \hbox (badness 1917) in paragraph at lines 30--31
[]\TU/lmr/m/n/9 local square losses and cyclic
 []

) (./02_structural_reductions.tex [35

] [36] [37]

LaTeX Warning: Reference `lem:local-wedge' on page 38 undefined on input line 2
23.


LaTeX Warning: Reference `lem:local-wedge' on page 38 undefined on input line 2
56.

[38]

LaTeX Warning: Reference `lem:local-wedge' on page 39 undefined on input line 2
79.

[39]

LaTeX Warning: Reference `prop:ce-classification' on page 40 undefined on input
 line 407.

[40]

LaTeX Warning: Reference `prop:t3-translation' on page 41 undefined on input li
ne 422.


LaTeX Warning: Reference `eq:handoff-telescoping' on page 41 undefined on input
 line 490.

[41]

LaTeX Warning: Reference `eq:actual-selected-ascents' on page 42 undefined on i
nput line 518.


LaTeX Warning: Reference `thm:cert-caliper' on page 42 undefined on input line 
554.

[42]

LaTeX Warning: Reference `prop:signed-center-normal-form' on page 43 undefined 
on input line 598.


LaTeX Warning: Reference `tab:routing' on page 43 undefined on input line 612.


LaTeX Warning: Reference `lem:distinct-roles' on page 43 undefined on input lin
e 617.


LaTeX Warning: Reference `prop:ce-classification' on page 43 undefined on input
 line 618.


LaTeX Warning: Reference `prop:vertex-classification' on page 43 undefined on i
nput line 619.


LaTeX Warning: Reference `prop:unique-center-midpoint' on page 43 undefined on 
input line 625.


LaTeX Warning: Reference `lem:short-role-count' on page 43 undefined on input l
ine 626.


LaTeX Warning: Reference `lem:positive-support-rescuer' on page 43 undefined on
 input line 627.


LaTeX Warning: Reference `lem:gap-exhaustion' on page 43 undefined on input lin
e 634.

) (./02a_universal_calculus.tex [43]

LaTeX Warning: Reference `eq:universal-lambda' on page 44 undefined on input li
ne 38.


LaTeX Warning: Reference `sec:admissible-set-derivation' on page 44 undefined o
n input line 62.

[44] [45]

LaTeX Warning: Reference `lem:reader-raw-capped-transfer' on page 46 undefined 
on input line 238.

[46] [47]

LaTeX Warning: Reference `eq:universal-rational-radical' on page 48 undefined o
n input line 390.


LaTeX Warning: Reference `eq:reader-high-threshold' on page 48 undefined on inp
ut line 434.

) (./02b_admissible_set_derivation.tex

LaTeX Warning: Reference `prop:body-admissible-description' on page 48 undefine
d on input line 5.

[48]

LaTeX Warning: Reference `prop:universal-enclosure-gauge' on page 49 undefined 
on input line 59.


LaTeX Warning: Reference `prop:body-admissible-description' on page 49 undefine
d on input line 99.

[49] [50]

LaTeX Warning: Reference `eq:derived-admissible-cells' on page 51 undefined on 
input line 180.

(./figures/strategy2_admissible_scalars_skeleton.tex)
(./figures/strategy2_admissible_minimum_skeleton.tex))
(./04a_signed_center_calculus.tex [51]

LaTeX Warning: Reference `sec:universal-calculus' on page 52 undefined on input
 line 6.

[52]

LaTeX Warning: Reference `eq:signed-side-slacks' on page 53 undefined on input 
line 128.


LaTeX Warning: Reference `eq:signed-right-trace' on page 53 undefined on input 
line 141.


LaTeX Warning: Reference `eq:signed-left-trace' on page 53 undefined on input l
ine 157.

[53]

LaTeX Warning: Reference `eq:signed-classification' on page 54 undefined on inp
ut line 172.


LaTeX Warning: Reference `eq:signed-side-slacks' on page 54 undefined on input 
line 176.


LaTeX Warning: Reference `eq:signed-center-exits' on page 54 undefined on input
 line 180.


LaTeX Warning: Reference `prop:signed-center-normal-form' on page 54 undefined 
on input line 239.


LaTeX Warning: Reference `eq:signed-boundary-length' on page 54 undefined on in
put line 265.


LaTeX Warning: Reference `eq:signed-right-trace' on page 54 undefined on input 
line 266.


LaTeX Warning: Reference `eq:signed-left-trace' on page 54 undefined on input l
ine 266.

[54] [55]

LaTeX Warning: Reference `lem:signed-diameter-transfer' on page 56 undefined on
 input line 435.


LaTeX Warning: Reference `eq:signed-one-gap-actual' on page 56 undefined on inp
ut line 442.


LaTeX Warning: Reference `eq:reader-capped-duality' on page 56 undefined on inp
ut line 451.


LaTeX Warning: Reference `eq:signed-three-map-target' on page 56 undefined on i
nput line 452.

[56]

LaTeX Warning: Reference `prop:reader-ce1-one-gap' on page 57 undefined on inpu
t line 457.


LaTeX Warning: Reference `eq:signed-total-slack' on page 57 undefined on input 
line 492.


LaTeX Warning: Reference `eq:signed-two-threshold' on page 57 undefined on inpu
t line 516.


LaTeX Warning: Reference `prop:signed-one-gap-interface' on page 57 undefined o
n input line 522.


LaTeX Warning: Reference `eq:signed-initial-threshold' on page 57 undefined on 
input line 550.


LaTeX Warning: Reference `lem:signed-ce2-two-threshold' on page 57 undefined on
 input line 553.

[57]

LaTeX Warning: Reference `eq:signed-one-gap-actual' on page 58 undefined on inp
ut line 560.


LaTeX Warning: Reference `eq:signed-two-threshold' on page 58 undefined on inpu
t line 575.


LaTeX Warning: Reference `prop:signed-one-gap-interface' on page 58 undefined o
n input line 577.


LaTeX Warning: Reference `eq:signed-three-map-target' on page 58 undefined on i
nput line 579.

(./figures/signed_parameter_map.tex) (./figures/signed_companion_sign.tex)
(./figures/signed_center_exits.tex) [58]
(./figures/signed_center_boundary_budgets.tex)) (./03_strategy1_length.tex

LaTeX Warning: Reference `eq:target-lengths' on page 59 undefined on input line
 22.

(./figures/strategy1_trace_targets.tex) [59]

LaTeX Warning: Reference `prop:signed-center-normal-form' on page 60 undefined 
on input line 51.


LaTeX Warning: Reference `eq:center-skeleton-domain' on page 60 undefined on in
put line 100.

[60]

LaTeX Warning: Reference `prop:ce-classification' on page 61 undefined on input
 line 140.


LaTeX Warning: Reference `prop:unique-center-midpoint' on page 61 undefined on 
input line 141.


LaTeX Warning: Reference `lem:center-skeleton-cap' on page 61 undefined on inpu
t line 141.


LaTeX Warning: Reference `eq:vertex-boundary-locality' on page 61 undefined on 
input line 162.


LaTeX Warning: Reference `eq:supercritical-admissible-cell' on page 61 undefine
d on input line 193.

[61]

LaTeX Warning: Reference `prop:vertex-classification' on page 62 undefined on i
nput line 206.


LaTeX Warning: Reference `prop:vd-corner-normal-form' on page 62 undefined on i
nput line 207.


LaTeX Warning: Reference `lem:t3-nonsupercritical' on page 62 undefined on inpu
t line 209.


LaTeX Warning: Reference `eq:supercritical-admissible-cell' on page 62 undefine
d on input line 223.


LaTeX Warning: Reference `eq:supercritical-admissible-cell' on page 62 undefine
d on input line 246.


LaTeX Warning: Reference `lem:self-midpoint' on page 62 undefined on input line
 258.

[62]

LaTeX Warning: Reference `eq:vd-normal-form' on page 63 undefined on input line
 325.


LaTeX Warning: Reference `eq:vd-ray-intervals' on page 63 undefined on input li
ne 326.

[63]

LaTeX Warning: Reference `prop:vd-corner-normal-form' on page 64 undefined on i
nput line 355.


LaTeX Warning: Reference `eq:vd-normal-form' on page 64 undefined on input line
 360.


LaTeX Warning: Reference `eq:vd-ray-intervals' on page 64 undefined on input li
ne 372.

[64]

LaTeX Warning: Reference `cor:signed-center-boundary' on page 65 undefined on i
nput line 431.


LaTeX Warning: Reference `eq:vertex-boundary-locality' on page 65 undefined on 
input line 433.


LaTeX Warning: Reference `eq:vd-half-cap' on page 65 undefined on input line 44
0.


LaTeX Warning: Reference `prop:t3-translation' on page 65 undefined on input li
ne 441.


LaTeX Warning: Reference `cor:signed-budget-branches' on page 65 undefined on i
nput line 474.


LaTeX Warning: Reference `cor:signed-budget-branches' on page 65 undefined on i
nput line 487.


LaTeX Warning: Reference `lem:vd2-neighbor-midpoint-cap' on page 65 undefined o
n input line 488.

[65]

LaTeX Warning: Reference `prop:boundary-length-branches' on page 66 undefined o
n input line 507.


LaTeX Warning: Reference `cor:signed-budget-branches' on page 66 undefined on i
nput line 509.


LaTeX Warning: Reference `prop:ce2-vd2-midpoint-length' on page 66 undefined on
 input line 510.

) (./04b_common_CE1_CE2_budgets.tex

LaTeX Warning: Reference `lem:signed-perimeter-deficit' on page 66 undefined on
 input line 55.


LaTeX Warning: Reference `cor:signed-center-boundary' on page 66 undefined on i
nput line 64.

[66]

LaTeX Warning: Reference `eq:signed-small-slacks' on page 67 undefined on input
 line 107.


LaTeX Warning: Reference `eq:signed-total-slack' on page 67 undefined on input 
line 128.


LaTeX Warning: Reference `eq:signed-endpoint-slack' on page 67 undefined on inp
ut line 140.

[67]

LaTeX Warning: Reference `prop:vd-corner-normal-form' on page 68 undefined on i
nput line 191.


LaTeX Warning: Reference `lem:t3-nonsupercritical' on page 68 undefined on inpu
t line 192.


LaTeX Warning: Reference `eq:short-role-count' on page 68 undefined on input li
ne 197.


LaTeX Warning: Reference `thm:three-short-roles' on page 68 undefined on input 
line 197.


LaTeX Warning: Reference `lem:signed-perimeter-deficit' on page 68 undefined on
 input line 218.

[68]

LaTeX Warning: Reference `lem:signed-perimeter-deficit' on page 69 undefined on
 input line 226.


LaTeX Warning: Reference `lem:short-role-count' on page 69 undefined on input l
ine 245.


LaTeX Warning: Reference `thm:three-short-roles' on page 69 undefined on input 
line 246.


LaTeX Warning: Reference `lem:short-role-count' on page 69 undefined on input l
ine 253.

) (./04c_short_Vd_placements.tex

LaTeX Warning: Reference `sec:universal-calculus' on page 69 undefined on input
 line 8.

[69]

LaTeX Warning: Reference `prop:exact-admissible-set' on page 70 undefined on in
put line 48.

[70]

LaTeX Warning: Reference `eq:short-t3-x-domain' on page 71 undefined on input l
ine 177.

[71] [72]

LaTeX Warning: Reference `lem:reader-boundary-path' on page 73 undefined on inp
ut line 353.

[73]

LaTeX Warning: Reference `lem:short-t3-rescuer-profile' on page 74 undefined on
 input line 367.


LaTeX Warning: Reference `lem:short-vd1-rescuer-profile' on page 74 undefined o
n input line 368.


LaTeX Warning: Reference `eq:signed-adjacent-AH' on page 74 undefined on input 
line 429.

[74]

LaTeX Warning: Reference `eq:signed-adjacent-quarter' on page 75 undefined on i
nput line 458.


LaTeX Warning: Reference `eq:signed-adjacent-AH' on page 75 undefined on input 
line 470.


LaTeX Warning: Reference `lem:quarter-radial-envelope' on page 75 undefined on 
input line 471.


LaTeX Warning: Reference `lem:signed-endpoints-dominate-slack' on page 75 undef
ined on input line 499.

[75]

LaTeX Warning: Reference `lem:signed-vd-adjacent-placement' on page 76 undefine
d on input line 564.


LaTeX Warning: Reference `lem:signed-vd-nonadjacent-placement' on page 76 undef
ined on input line 565.


LaTeX Warning: Reference `cor:signed-adjacent-rescuers' on page 76 undefined on
 input line 568.


LaTeX Warning: Reference `lem:vd1-pair-replacement' on page 76 undefined on inp
ut line 571.


LaTeX Warning: Reference `prop:nplus-zero-all-vd0' on page 76 undefined on inpu
t line 573.


LaTeX Warning: Reference `thm:three-short-roles' on page 76 undefined on input 
line 574.

) (./04_strategy2_verification.tex

LaTeX Warning: Reference `sec:universal-calculus' on page 76 undefined on input
 line 9.


LaTeX Warning: Reference `sec:strategy2-rigor-completion' on page 76 undefined 
on input line 19.


Underfull \hbox (badness 10000) in paragraph at lines 38--38
[]\TU/lmr/m/n/7 cyclic six-V triangle
 []


Underfull \hbox (badness 1237) in paragraph at lines 42--42
[]\TU/lmr/m/n/7 two exact hatted end-
 []


Underfull \hbox (badness 10000) in paragraph at lines 45--45
[]$[]$\TU/lmr/m/n/7 , all $[]$,
 []


Underfull \hbox (badness 3312) in paragraph at lines 46--46
[]\TU/lmr/m/n/7 paired exact endpoint
 []


Underfull \hbox (badness 4060) in paragraph at lines 50--50
[]\TU/lmr/m/n/7 two residual endpoint
 []


Underfull \hbox (badness 1762) in paragraph at lines 59--59
\TU/lmr/m/n/7 slot and four identity
 []


Underfull \hbox (badness 4254) in paragraph at lines 61--61
\TU/lmr/m/n/7 jacent $[]$ res-
 []


Underfull \hbox (badness 10000) in paragraph at lines 65--65
[]\TU/lmr/m/n/7 adjacent
 []


Underfull \hbox (badness 10000) in paragraph at lines 65--65
[]\OML/cmm/m/it/7 =[]$ \TU/lmr/m/n/7 place-
 []


Underfull \hbox (badness 6608) in paragraph at lines 66--66
[]\TU/lmr/m/n/7 center residuals $\OML/cmm/m/it/7 A; H$
 []


Underfull \hbox (badness 10000) in paragraph at lines 69--69
[]\TU/lmr/m/n/7 nonadjacent
 []


Underfull \hbox (badness 10000) in paragraph at lines 69--69
[]\OML/cmm/m/it/7 =[]$ \TU/lmr/m/n/7 place-
 []


Underfull \hbox (badness 10000) in paragraph at lines 73--73
[]\TU/lmr/m/n/7 Vd1–supercritical
 []

[76]

LaTeX Warning: Reference `prop:body-all-vd0-endpoints' on page 77 undefined on 
input line 123.


LaTeX Warning: Reference `lem:reader-boundary-path' on page 77 undefined on inp
ut line 125.


LaTeX Warning: Reference `def:body-t3-endpoint-state' on page 77 undefined on i
nput line 128.

[77]

LaTeX Warning: Reference `prop:body-all-vd0-endpoints' on page 78 undefined on 
input line 143.


LaTeX Warning: Reference `lem:reader-boundary-path' on page 78 undefined on inp
ut line 150.


LaTeX Warning: Reference `prop:signed-center-normal-form' on page 78 undefined 
on input line 160.


LaTeX Warning: Reference `prop:signed-one-gap-interface' on page 78 undefined o
n input line 184.


LaTeX Warning: Reference `sec:cyclic-all-vd0' on page 78 undefined on input lin
e 216.


LaTeX Warning: Reference `eq:reader-signed-three-map' on page 78 undefined on i
nput line 222.


LaTeX Warning: Reference `prop:signed-ce2-one-gap' on page 78 undefined on inpu
t line 233.

[78]

LaTeX Warning: Reference `prop:reader-common-two-gap' on page 79 undefined on i
nput line 248.


LaTeX Warning: Reference `thm:paper-complete-t3-endpoint' on page 79 undefined 
on input line 249.


LaTeX Warning: Reference `cor:signed-adjacent-rescuers' on page 79 undefined on
 input line 260.


LaTeX Warning: Reference `sec:short-vd-placements' on page 79 undefined on inpu
t line 269.


LaTeX Warning: Reference `prop:paper-vd1-pair-replacement' on page 79 undefined
 on input line 270.


LaTeX Warning: Reference `prop:nplus-zero-all-vd0' on page 79 undefined on inpu
t line 288.


LaTeX Warning: Reference `prop:nplus-zero-t3' on page 79 undefined on input lin
e 289.


LaTeX Warning: Reference `thm:paper-complete-t3-endpoint' on page 79 undefined 
on input line 290.


LaTeX Warning: Reference `prop:reader-ce1-one-gap' on page 79 undefined on inpu
t line 291.


LaTeX Warning: Reference `prop:reader-ce2-one-gap' on page 79 undefined on inpu
t line 292.


LaTeX Warning: Reference `prop:reader-common-two-gap' on page 79 undefined on i
nput line 293.


LaTeX Warning: Reference `prop:nplus-one-one-t3' on page 79 undefined on input 
line 294.


LaTeX Warning: Reference `prop:signed-ce2-one-vd-placements' on page 79 undefin
ed on input line 295.


LaTeX Warning: Reference `prop:paper-vd1-pair-replacement' on page 79 undefined
 on input line 296.


LaTeX Warning: Reference `lem:reader-raw-capped-transfer' on page 79 undefined 
on input line 297.


LaTeX Warning: Reference `lem:reader-generalized-handoff' on page 79 undefined 
on input line 298.

[79] [80]

LaTeX Warning: Reference `eq:radial-envelope' on page 81 undefined on input lin
e 451.


LaTeX Warning: Reference `eq:signed-order-transition' on page 81 undefined on i
nput line 464.

[81]

LaTeX Warning: Reference `eq:S2-capped-map-high' on page 82 undefined on input 
line 503.


LaTeX Warning: Reference `prop:exact-admissible-set' on page 82 undefined on in
put line 519.


LaTeX Warning: Reference `eq:S2-capped-map-low' on page 82 undefined on input l
ine 527.


LaTeX Warning: Reference `eq:S2-capped-map-high' on page 82 undefined on input 
line 527.


LaTeX Warning: Reference `eq:S2-capped-duality' on page 82 undefined on input l
ine 536.

[82]

LaTeX Warning: Reference `eq:high-demand-threshold' on page 83 undefined on inp
ut line 587.


LaTeX Warning: Reference `eq:S2-capped-map-high' on page 83 undefined on input 
line 588.


LaTeX Warning: Reference `prop:signed-center-normal-form' on page 83 undefined 
on input line 612.

[83]

LaTeX Warning: Reference `prop:signed-one-gap-interface' on page 84 undefined o
n input line 630.

[84]

LaTeX Warning: Reference `eq:ce1-first-low-root' on page 85 undefined on input 
line 691.


LaTeX Warning: Reference `eq:ce1-suffix' on page 85 undefined on input line 766
.


LaTeX Warning: Reference `prop:reader-universal-tplus' on page 85 undefined on 
input line 767.

[85] [86] [87]

LaTeX Warning: Reference `lem:reader-threshold-routing' on page 88 undefined on
 input line 965.


LaTeX Warning: Reference `eq:ce1-suffix' on page 88 undefined on input line 973
.


LaTeX Warning: Reference `prop:signed-one-gap-interface' on page 88 undefined o
n input line 974.


LaTeX Warning: Reference `prop:ce1-one-gap' on page 88 undefined on input line 
988.


LaTeX Warning: Reference `prop:signed-ce2-one-gap' on page 88 undefined on inpu
t line 989.


LaTeX Warning: Reference `prop:reader-common-two-gap' on page 88 undefined on i
nput line 990.

[88]

LaTeX Warning: Reference `lem:short-t3-rescuer-profile' on page 89 undefined on
 input line 1016.


LaTeX Warning: Reference `eq:signed-rescuer-local' on page 89 undefined on inpu
t line 1017.


LaTeX Warning: Reference `cor:signed-adjacent-rescuers' on page 89 undefined on
 input line 1019.


LaTeX Warning: Reference `fig:ce1-ce2-n0-all-vd0' on page 89 undefined on input
 line 1025.

File: figures/strategy2_ce1_ce2_n0_all_vd0.png Graphic file (type bmp)
<figures/strategy2_ce1_ce2_n0_all_vd0.png>
[89] [90]

LaTeX Warning: Reference `prop:t3-translation' on page 91 undefined on input li
ne 1125.


LaTeX Warning: Reference `prop:t3-translation' on page 91 undefined on input li
ne 1140.

[91]

LaTeX Warning: Reference `eq:t3-side-tradeoff' on page 92 undefined on input li
ne 1194.


LaTeX Warning: Reference `prop:signed-center-normal-form' on page 92 undefined 
on input line 1223.

[92]

LaTeX Warning: Reference `eq:407-core-estimate' on page 93 undefined on input l
ine 1298.


LaTeX Warning: Reference `eq:low-root-bounds' on page 93 undefined on input lin
e 1300.


LaTeX Warning: Reference `eq:407-S-estimate' on page 93 undefined on input line
 1307.

[93]

LaTeX Warning: Reference `eq:low-root-bounds' on page 94 undefined on input lin
e 1347.


LaTeX Warning: Reference `eq:407-S-estimate' on page 94 undefined on input line
 1352.


LaTeX Warning: Reference `eq:407-core-estimate' on page 94 undefined on input l
ine 1362.


LaTeX Warning: Reference `eq:407-L-separation' on page 94 undefined on input li
ne 1362.

[94] [95]

LaTeX Warning: Reference `eq:407-loss' on page 96 undefined on input line 1481.



LaTeX Warning: Reference `prop:t3-translation' on page 96 undefined on input li
ne 1493.


LaTeX Warning: Reference `lem:t3-midpoint-tradeoff' on page 96 undefined on inp
ut line 1499.


LaTeX Warning: Reference `thm:three-short-roles' on page 96 undefined on input 
line 1504.


LaTeX Warning: Reference `lem:407-four-label-loss' on page 96 undefined on inpu
t line 1510.


LaTeX Warning: Reference `lem:self-midpoint' on page 96 undefined on input line
 1529.

[96]

LaTeX Warning: Reference `prop:capped-demand-map' on page 97 undefined on input
 line 1579.


LaTeX Warning: Reference `eq:one-side-center-line' on page 97 undefined on inpu
t line 1609.

[97]

LaTeX Warning: Reference `eq:one-side-right-low' on page 98 undefined on input 
line 1685.

[98] [99]

LaTeX Warning: Reference `eq:one-side-loss' on page 100 undefined on input line
 1768.


LaTeX Warning: Reference `rem:signed-legacy-variables' on page 100 undefined on
 input line 1774.

[100]

LaTeX Warning: Reference `eq:ce2-strict-endpoints' on page 101 undefined on inp
ut line 1846.


LaTeX Warning: Reference `eq:two-endpoint-large-tminus' on page 101 undefined o
n input line 1857.


LaTeX Warning: Reference `eq:ce2-strict-endpoints' on page 101 undefined on inp
ut line 1862.


LaTeX Warning: Reference `eq:ce2-strict-endpoints' on page 101 undefined on inp
ut line 1877.


LaTeX Warning: Reference `eq:two-endpoint-small-high' on page 101 undefined on 
input line 1907.


LaTeX Warning: Reference `eq:two-endpoint-large-tminus' on page 101 undefined o
n input line 1908.

[101]

LaTeX Warning: Reference `eq:two-endpoint-small-high' on page 102 undefined on 
input line 1935.


LaTeX Warning: Reference `eq:two-endpoint-large-high' on page 102 undefined on 
input line 1936.

[102]

LaTeX Warning: Reference `eq:two-endpoint-b0' on page 103 undefined on input li
ne 2029.


LaTeX Warning: Reference `eq:two-endpoint-b0' on page 103 undefined on input li
ne 2049.


LaTeX Warning: Reference `eq:two-endpoint-high-L-G' on page 103 undefined on in
put line 2055.


LaTeX Warning: Reference `eq:two-endpoint-pairs' on page 103 undefined on input
 line 2057.


LaTeX Warning: Reference `eq:two-endpoint-loss' on page 103 undefined on input 
line 2058.


LaTeX Warning: Reference `prop:vd-corner-normal-form' on page 103 undefined on 
input line 2064.

[103]

LaTeX Warning: Reference `lem:short-vd1-rescuer-profile' on page 104 undefined 
on input line 2082.


LaTeX Warning: Reference `eq:signed-rescuer-local' on page 104 undefined on inp
ut line 2083.


LaTeX Warning: Reference `cor:signed-adjacent-rescuers' on page 104 undefined o
n input line 2085.


LaTeX Warning: Reference `prop:paper-vd1-pair-replacement' on page 104 undefine
d on input line 2096.


LaTeX Warning: Reference `prop:nplus-zero-all-vd0' on page 104 undefined on inp
ut line 2119.


LaTeX Warning: Reference `prop:nplus-zero-t3' on page 104 undefined on input li
ne 2119.


LaTeX Warning: Reference `prop:nplus-one-all-vd0' on page 104 undefined on inpu
t line 2120.


LaTeX Warning: Reference `prop:nplus-one-one-t3' on page 104 undefined on input
 line 2120.


LaTeX Warning: Reference `prop:signed-ce2-one-vd-placements' on page 104 undefi
ned on input line 2121.

Package microtype Info: Loading generic protrusion settings for font family
(microtype)             `lmtt' (encoding: TU).
(microtype)             For optimal results, create family-specific settings.
(microtype)             See the microtype manual for details.

Overfull \hbox (11.87823pt too wide) in paragraph at lines 2153--2153
[]\TU/lmtt/m/n/7 f3f0395748f5649c62eff51f648e8052039a38c5| 
 []


Overfull \hbox (11.87823pt too wide) in paragraph at lines 2155--2155
[]\TU/lmtt/m/n/7 880b59ec8d3c59b2d9ec036c188aebb2dfbea415| 
 []


Overfull \hbox (19.24222pt too wide) in paragraph at lines 2156--2156
[]\TU/lmtt/m/n/7 4075_Tminus_low_lower_branch_obligations.md| 
 []


Overfull \hbox (11.87823pt too wide) in paragraph at lines 2157--2157
[]\TU/lmtt/m/n/7 ebe2b65f8840b8667c3dca672a8d0cdf2d4104ad| 
 []


Overfull \hbox (11.87823pt too wide) in paragraph at lines 2159--2159
[]\TU/lmtt/m/n/7 f1323325b0690a1a9394d93911c28425ecfbca9b| 
 []


Overfull \hbox (11.87823pt too wide) in paragraph at lines 2161--2161
[]\TU/lmtt/m/n/7 c66eea05277dbf2e1781f133f4f18c469f1b0909| 
 []


Overfull \hbox (11.87823pt too wide) in paragraph at lines 2163--2163
[]\TU/lmtt/m/n/7 aa5cb1a6dc635639972ba8f48cc92c9f519da296| 
 []


Overfull \hbox (11.87823pt too wide) in paragraph at lines 2165--2165
[]\TU/lmtt/m/n/7 c80243f67124020e94239745b23ebed2e50a8bcb| 
 []


Underfull \hbox (badness 10000) in paragraph at lines 2165--2166
[]\TU/lmr/m/n/7 analytic de-
 []


Overfull \hbox (11.87823pt too wide) in paragraph at lines 2167--2167
[]\TU/lmtt/m/n/7 a6ef81f787c4c3d6933569ca89fcdf2eaa83dbc7| 
 []

[104]

LaTeX Warning: Reference `prop:capped-demand-map' on page 105 undefined on inpu
t line 2173.


LaTeX Warning: Reference `lem:407-four-label-loss' on page 105 undefined on inp
ut line 2178.


LaTeX Warning: Reference `def:body-t3-endpoint-state' on page 105 undefined on 
input line 2208.


LaTeX Warning: Reference `prop:capped-demand-map' on page 105 undefined on inpu
t line 2217.


LaTeX Warning: Reference `tab:paper-407-complete-audit' on page 105 undefined o
n input line 2218.

[105]
! Undefined control sequence.
l.2266  (x,y,z)\in\mathcal A,\teq
                                  x\ge\frac12,\teq z\le\frac12 
Here is how much of TeX's memory you used:
 18100 strings out of 476878
 365566 string characters out of 5805250
 1961627 words of memory out of 5000000
 39376 multiletter control sequences out of 15000+600000
 568779 words of font info for 93 fonts, out of 8000000 for 9000
 175 hyphenation exceptions out of 8191
 84i,17n,93p,1001b,928s stack positions out of 10000i,1000n,20000p,200000b,200000s

Output written on main.xdv (105 pages, 2067244 bytes).
